// Jest Snapshot v1, https://goo.gl/fbAQLP

exports[`matches snapshot 1`] = `
<DocumentFragment>
  <div
    class="App"
  >
    <h1
      class="App-heading"
    >
      To Do List
    </h1>
    <div
      class="ToDoList"
    />
    <button
      class="App-button"
    >
      New To Do Form
    </button>
  </div>
</DocumentFragment>
`;
